[2026-04-20 14:38:58.044] [jointLog] [info] setting maxHashResizeThreads to 2
[2026-04-20 14:38:58.044] [jointLog] [info] Fragment incompatibility prior below threshold.  Incompatible fragments will be ignored.
[2026-04-20 14:38:58.044] [jointLog] [info] Usage of --validateMappings implies use of minScoreFraction. Since not explicitly specified, it is being set to 0.65
[2026-04-20 14:38:58.044] [jointLog] [info] Setting consensusSlack to selective-alignment default of 0.35.
[2026-04-20 14:38:58.044] [jointLog] [info] parsing read library format
[2026-04-20 14:38:58.044] [jointLog] [info] There is 1 library.
[2026-04-20 14:38:58.045] [jointLog] [info] Loading pufferfish index
[2026-04-20 14:38:58.046] [jointLog] [info] Loading pufferfish index.
[2026-04-20 14:39:16.713] [jointLog] [info] done
[2026-04-20 14:39:16.755] [jointLog] [info] Index contained 238636 targets
[2026-04-20 14:39:16.872] [jointLog] [info] Number of decoys : 194
[2026-04-20 14:39:16.872] [jointLog] [info] First decoy index : 238404 
[2026-04-20 14:39:23.597] [jointLog] [info] Automatically detected most likely library type as ISR

[2026-04-20 15:04:39.880] [jointLog] [info] Thread saw mini-batch with a maximum of 2.22% zero probability fragments
[2026-04-20 15:04:40.020] [jointLog] [info] Thread saw mini-batch with a maximum of 2.34% zero probability fragments
[2026-04-20 15:04:42.575] [jointLog] [info] Computed 862,354 rich equivalence classes for further processing
[2026-04-20 15:04:42.621] [jointLog] [info] Counted 28,424,038 total reads in the equivalence classes 
[2026-04-20 15:04:42.723] [fileLog] [info] 
At end of round 0
==================
Observed 36134425 total fragments (36134425 in most recent round)

[2026-04-20 15:04:42.938] [jointLog] [info] Number of mappings discarded because of alignment score : 36,192,817
[2026-04-20 15:04:42.938] [jointLog] [info] Number of fragments entirely discarded because of alignment score : 3,356,704
[2026-04-20 15:04:42.938] [jointLog] [info] Number of fragments discarded because they are best-mapped to decoys : 1,318,156
[2026-04-20 15:04:42.938] [jointLog] [info] Number of fragments discarded because they have only dovetail (discordant) mappings to valid targets : 3,103,804
[2026-04-20 15:04:42.938] [jointLog] [info] Mapping rate = 78.6619%
[2026-04-20 15:04:42.938] [jointLog] [info] finished quantifyLibrary()
[2026-04-20 15:04:42.944] [jointLog] [info] Starting optimizer
[2026-04-20 15:04:43.977] [jointLog] [info] Marked 0 weighted equivalence classes as degenerate
[2026-04-20 15:04:44.025] [jointLog] [info] iteration = 0 | max rel diff. = 5138.79474493575
[2026-04-20 15:04:48.806] [jointLog] [info] iteration = 100 | max rel diff. = 20.40607380795685
[2026-04-20 15:04:53.553] [jointLog] [info] iteration = 200 | max rel diff. = 7.350717159558972
[2026-04-20 15:04:58.296] [jointLog] [info] iteration = 300 | max rel diff. = 13.600342435006697
[2026-04-20 15:05:02.959] [jointLog] [info] iteration = 400 | max rel diff. = 4.021490034428649
[2026-04-20 15:05:07.467] [jointLog] [info] iteration = 500 | max rel diff. = 13.027127307545124
[2026-04-20 15:05:11.980] [jointLog] [info] iteration = 600 | max rel diff. = 0.7815667466411506
[2026-04-20 15:05:16.477] [jointLog] [info] iteration = 700 | max rel diff. = 8.181805085044594
[2026-04-20 15:05:20.997] [jointLog] [info] iteration = 800 | max rel diff. = 0.5576890074278056
[2026-04-20 15:05:25.487] [jointLog] [info] iteration = 900 | max rel diff. = 5.405722970331679
[2026-04-20 15:05:29.981] [jointLog] [info] iteration = 1000 | max rel diff. = 0.4352812307307452
[2026-04-20 15:05:34.571] [jointLog] [info] iteration = 1100 | max rel diff. = 0.12394915456228424
[2026-04-20 15:05:39.316] [jointLog] [info] iteration = 1200 | max rel diff. = 2.48214129819142
[2026-04-20 15:05:44.058] [jointLog] [info] iteration = 1300 | max rel diff. = 0.0663184127265698
[2026-04-20 15:05:48.632] [jointLog] [info] iteration = 1400 | max rel diff. = 0.13836698992217333
[2026-04-20 15:05:53.312] [jointLog] [info] iteration = 1500 | max rel diff. = 0.05575197414111449
[2026-04-20 15:05:58.057] [jointLog] [info] iteration = 1600 | max rel diff. = 0.13065479903110486
[2026-04-20 15:06:02.800] [jointLog] [info] iteration = 1700 | max rel diff. = 0.05713530921265458
[2026-04-20 15:06:07.541] [jointLog] [info] iteration = 1800 | max rel diff. = 0.061301941107733356
[2026-04-20 15:06:12.319] [jointLog] [info] iteration = 1900 | max rel diff. = 0.11915728876850716
[2026-04-20 15:06:17.063] [jointLog] [info] iteration = 2000 | max rel diff. = 0.09061427344309142
[2026-04-20 15:06:21.659] [jointLog] [info] iteration = 2100 | max rel diff. = 0.05064391076586568
[2026-04-20 15:06:26.392] [jointLog] [info] iteration = 2200 | max rel diff. = 0.06760998953643843
[2026-04-20 15:06:27.152] [jointLog] [info] iteration = 2217 | max rel diff. = 0.009576211781192329
[2026-04-20 15:06:27.165] [jointLog] [info] Finished optimizer
[2026-04-20 15:06:27.165] [jointLog] [info] writing output 

